// Jest Snapshot v1, https://goo.gl/fbAQLP

exports[`It renders 1`] = `
<DocumentFragment>
  <header
    class="sc-AxjAm ehXquI"
  >
    <h1>
      Aeshop
    </h1>
    <div
      class="sc-AxirZ dTDYBw"
    >
      <div
        style="display: flex;"
      >
        <img
          alt="liked"
          src="liked.svg"
          style="margin: 5px;"
        />
        <p>
          0
        </p>
      </div>
      <div
        class="sc-AxiKw juaMsy"
      />
    </div>
  </header>
  <div
    class="sc-AxhUy xbsSu"
  >
    Body
  </div>
</DocumentFragment>
`;
