// Jest Snapshot v1, https://goo.gl/fbAQLP

exports[`renders 1`] = `
<DocumentFragment>
  <header
    class="sc-AxjAm ehXquI"
  >
    <h1>
      Aeshop
    </h1>
    <div
      class="sc-AxirZ dTDYBw"
    >
      <div
        style="display: flex;"
      >
        <img
          alt="liked"
          src="liked.svg"
          style="margin: 5px;"
        />
        <p>
          0
        </p>
      </div>
      <div
        class="sc-AxiKw juaMsy"
      />
    </div>
  </header>
  <div
    class="sc-AxhUy xbsSu"
  >
    <div
      class="sc-fzpans ajbOc"
      data-testid="product-list"
    >
      <div
        class="row"
      >
        <p
          class="product-count"
        >
          0 styles
        </p>
        <button
          class="sc-fzplWN hmPaPa"
          data-testid="hide-sold-items"
        >
          Hide sold items
        </button>
      </div>
      <div
        class="sc-AxgMl gouRoV"
      />
    </div>
  </div>
</DocumentFragment>
`;
